19:20:09 [osm_pbf] INFO: ======================================================================
19:20:09 [osm_pbf] INFO: RELIEFOS PHASE 5B.1 — OSM PBF INGESTION
19:20:09 [osm_pbf] INFO: ======================================================================
19:20:09 [osm_pbf] INFO: Started at: 2026-08-29T13:50:09.860159+00:00
19:20:09 [osm_pbf] INFO: PBF file: D:\RescueOS\RescueOS\data\raw\osm\north-eastern-zone-latest.osm.pbf
19:20:09 [osm_pbf] INFO: Target districts: sivasagar, jorhat, charaideo, golaghat
19:20:09 [osm_pbf] INFO: 
19:20:09 [osm_pbf] INFO: PBF file size: 104.1 MB
19:20:09 [osm_pbf] INFO: 
======================================================================
19:20:09 [osm_pbf] INFO: STEP 1: LOAD DISTRICT POLYGONS
19:20:09 [osm_pbf] INFO: ======================================================================
19:20:09 [osm_pbf] INFO: Loading district polygons from PostGIS...
19:20:09 [osm_pbf] INFO:   [sivasagar] \u2713 Boundary loaded (Polygon)
19:20:09 [osm_pbf] INFO:   [jorhat] \u2713 Boundary loaded (Polygon)
19:20:09 [osm_pbf] INFO:   [charaideo] \u2713 Boundary loaded (Polygon)
19:20:09 [osm_pbf] INFO:   [golaghat] \u2713 Boundary loaded (Polygon)
19:20:09 [osm_pbf] INFO: 
======================================================================
19:20:09 [osm_pbf] INFO: STEP 2: PARSE PBF FILE
19:20:09 [osm_pbf] INFO: ======================================================================
19:20:09 [osm_pbf] INFO: Loading PBF: D:\RescueOS\RescueOS\data\raw\osm\north-eastern-zone-latest.osm.pbf
19:20:10 [osm_pbf] INFO:   Extracting buildings...
19:29:11 [osm_pbf] INFO:   Buildings: 1894649 (541.1s)
19:29:11 [osm_pbf] INFO:   Extracting roads...
19:30:28 [osm_pbf] INFO:   Roads: 303816 (77.2s)
19:30:28 [osm_pbf] INFO:   Extracting POIs...
19:30:54 [osm_pbf] INFO:   POIs: 16054 (25.5s)
19:30:54 [osm_pbf] INFO:   PBF parsing complete: 644.3s total
19:30:58 [osm_pbf] INFO: 
======================================================================
19:30:58 [osm_pbf] INFO: STEP 3: INGEST BUILDINGS
19:30:58 [osm_pbf] INFO: ======================================================================
19:30:58 [osm_pbf] INFO: ============================================================
19:30:58 [osm_pbf] INFO: INGESTING BUILDINGS FROM OSM PBF
19:30:58 [osm_pbf] INFO: ============================================================
19:31:38 [osm_pbf] INFO: 
[SIVASAGAR] Buildings in district: 65213
Traceback (most recent call last):
  File "C:\Users\Aditya\AppData\Roaming\Python\Python311\site-packages\sqlalchemy\engine\base.py", line 1969, in _exec_single_context
    self.dialect.do_execute(
  File "C:\Users\Aditya\AppData\Roaming\Python\Python311\site-packages\sqlalchemy\engine\default.py", line 952, in do_execute
    cursor.execute(statement, parameters)
psycopg2.errors.ForeignKeyViolation: insert or update on table "buildings" violates foreign key constraint "buildings_district_id_fkey"
DETAIL:  Key (district_id)=(sivasagar) is not present in table "districts".


The above exception was the direct cause of the following exception:

Traceback (most recent call last):
  File "<frozen runpy>", line 198, in _run_module_as_main
  File "<frozen runpy>", line 88, in _run_code
  File "D:\RescueOS\RescueOS\scripts\ingest\osm_pbf.py", line 1003, in <module>
    run_osm_pbf_ingestion()
  File "D:\RescueOS\RescueOS\scripts\ingest\osm_pbf.py", line 898, in run_osm_pbf_ingestion
    building_counts = ingest_buildings(buildings_gdf, district_polygons, repo)
                      ^^^^^^^^^^^^^^^^^^^^^^^^^^^^^^^^^^^^^^^^^^^^^^^^^^^^^^^^
  File "D:\RescueOS\RescueOS\scripts\ingest\osm_pbf.py", line 394, in ingest_buildings
    repo.upsert_buildings(batch)
  File "D:\RescueOS\RescueOS\agent\data\postgres_repository.py", line 582, in upsert_buildings
    def upsert_medical_facilities(self, facilities_list: list[MedicalFacility]) -> None:
                ^^^^^^^^^^^^^^^^^^
  File "C:\Users\Aditya\AppData\Roaming\Python\Python311\site-packages\sqlalchemy\engine\base.py", line 1421, in execute
    return meth(
           ^^^^^
  File "C:\Users\Aditya\AppData\Roaming\Python\Python311\site-packages\sqlalchemy\sql\elements.py", line 526, in _execute_on_connection
    return connection._execute_clauseelement(
           ^^^^^^^^^^^^^^^^^^^^^^^^^^^^^^^^^^
  File "C:\Users\Aditya\AppData\Roaming\Python\Python311\site-packages\sqlalchemy\engine\base.py", line 1643, in _execute_clauseelement
    ret = self._execute_context(
          ^^^^^^^^^^^^^^^^^^^^^^
  File "C:\Users\Aditya\AppData\Roaming\Python\Python311\site-packages\sqlalchemy\engine\base.py", line 1848, in _execute_context
    return self._exec_single_context(
           ^^^^^^^^^^^^^^^^^^^^^^^^^^
  File "C:\Users\Aditya\AppData\Roaming\Python\Python311\site-packages\sqlalchemy\engine\base.py", line 1988, in _exec_single_context
    self._handle_dbapi_exception(
  File "C:\Users\Aditya\AppData\Roaming\Python\Python311\site-packages\sqlalchemy\engine\base.py", line 2365, in _handle_dbapi_exception
    raise sqlalchemy_exception.with_traceback(exc_info[2]) from e
  File "C:\Users\Aditya\AppData\Roaming\Python\Python311\site-packages\sqlalchemy\engine\base.py", line 1969, in _exec_single_context
    self.dialect.do_execute(
  File "C:\Users\Aditya\AppData\Roaming\Python\Python311\site-packages\sqlalchemy\engine\default.py", line 952, in do_execute
    cursor.execute(statement, parameters)
sqlalchemy.exc.IntegrityError: (psycopg2.errors.ForeignKeyViolation) insert or update on table "buildings" violates foreign key constraint "buildings_district_id_fkey"
DETAIL:  Key (district_id)=(sivasagar) is not present in table "districts".

[SQL: INSERT INTO buildings (id, district_id, osm_id, lat, lon, location, geometry, tags, in_flood_zone, provenance) VALUES (%(id)s, %(district_id)s, %(osm_id)s, %(lat)s, %(lon)s, ST_GeomFromEWKT(%(location)s), ST_GeomFromEWKT(%(geometry)s), %(tags)s::JSON, %(in_flood_zone)s, %(provenance)s) ON CONFLICT (id) DO UPDATE SET district_id = %(param_1)s, osm_id = %(param_2)s, lat = %(param_3)s, lon = %(param_4)s, location = ST_GeomFromEWKT(%(param_5)s), geometry = ST_GeomFromEWKT(%(param_6)s), tags = %(param_7)s::JSON, in_flood_zone = %(param_8)s, provenance = %(param_9)s]
[parameters: {'id': 'osm_sivasagar_1355700682', 'district_id': 'sivasagar', 'osm_id': 1355700682, 'lat': 26.83388465259389, 'lon': 94.62186966284541, 'location': 'SRID=4326;POINT(94.62186966284541 26.83388465259389)', 'geometry': 'SRID=4326;POLYGON ((94.6218549 26.8339571, 94.6218233 26.8338238, 94.6218806 26.8338075, 94.621918 26.8339475, 94.6218549 26.8339571))', 'tags': '{"building": "yes"}', 'in_flood_zone': False, 'provenance': 'REAL', 'param_1': 'sivasagar', 'param_2': 1355700682, 'param_3': 26.83388465259389, 'param_4': 94.62186966284541, 'param_5': 'SRID=4326;POINT(94.62186966284541 26.83388465259389)', 'param_6': 'SRID=4326;POLYGON ((94.6218549 26.8339571, 94.6218233 26.8338238, 94.6218806 26.8338075, 94.621918 26.8339475, 94.6218549 26.8339571))', 'param_7': '{"building": "yes"}', 'param_8': False, 'param_9': 'REAL'}]
(Background on this error at: https://sqlalche.me/e/20/gkpj)
EXIT_CODE=1 
