
===== BOOT 2026-09-11 18:48:47 =====
2026-09-11 18:48:48,460 [INFO] [reliefos.prod_startup] Initializing ReliefOS in environment: production
  [REPOSITORY] Using PostgreSQL backend
2026-09-11 18:48:48,825 [INFO] [reliefos.prod_startup] Active Repository: PostgresRepository
2026-09-11 18:48:48,837 [INFO] [reliefos.prod_startup] Durable PostgreSQL schema initialized (2 migration steps applied).
2026-09-11 18:48:48,837 [INFO] [agent.agents.event_router] Event worker started (poll=5s, batch=10)
2026-09-11 18:48:48,837 [INFO] [agent.agents.event_router] Stale event recovery loop started (interval=120s, threshold=300s)
2026-09-11 18:48:48,837 [INFO] [reliefos.prod_startup] Event worker started (poll=5s, batch=10).
2026-09-11 18:48:48,850 [INFO] [reliefos.scheduler] Proactive scheduler start requested (running=True, interval=60.0s)
2026-09-11 18:48:48,850 [INFO] [reliefos.prod_startup] Background proactive scheduler started (interval=60s).
2026-09-11 18:48:49,538 [INFO] [reliefos.prod_startup] Starting ReliefOS production server on 0.0.0.0:5001
2026-09-11 18:48:49,557 [INFO] [waitress] Serving on http://0.0.0.0:5001
2026-09-11 18:48:50,003 [INFO] [reliefos.http] [req_b7040ecae79f] GET /api/health/liveness -> 200 (0.11ms) [actor=anonymous]
2026-09-11 18:48:50,019 [INFO] [reliefos.http] [req_0b7497844136] GET /api/health/readiness -> 200 (2.61ms) [actor=anonymous]
2026-09-11 18:48:50,746 [INFO] [reliefos.audit] [AUDIT] actor=usr_c70c1192-800 org=None action=login_success user:usr_c70c1192-800 (None -> None)
2026-09-11 18:48:50,746 [INFO] [reliefos.http] [req_4a66636a5a17] POST /api/auth/login -> 200 (507.53ms) [actor=anonymous]
2026-09-11 18:48:51,010 [INFO] [reliefos.audit] [AUDIT] actor=usr_9c3dcee4-1df org=None action=login_success user:usr_9c3dcee4-1df (None -> None)
2026-09-11 18:48:51,011 [INFO] [reliefos.http] [req_1f7652d16106] POST /api/auth/login -> 200 (241.74ms) [actor=anonymous]
2026-09-11 18:48:51,269 [INFO] [reliefos.audit] [AUDIT] actor=usr_b15846eb-713 org=None action=login_success user:usr_b15846eb-713 (None -> None)
2026-09-11 18:48:51,269 [INFO] [reliefos.http] [req_472615ff5d3e] POST /api/auth/login -> 200 (237.82ms) [actor=anonymous]
2026-09-11 18:48:51,552 [INFO] [reliefos.audit] [AUDIT] actor=usr_f53e1a8a-649 org=None action=login_success user:usr_f53e1a8a-649 (None -> None)
2026-09-11 18:48:51,552 [INFO] [reliefos.http] [req_914410ab90ac] POST /api/auth/login -> 200 (251.42ms) [actor=anonymous]
2026-09-11 18:48:51,788 [WARNING] [reliefos.http] [req_e97a6a5c758a] POST /api/auth/login -> 401 (233.56ms) [actor=anonymous]
2026-09-11 18:48:51,788 [WARNING] [reliefos.auth] [RequestID: req_cdd515d75905] auth denied: unauthenticated request to GET /api/my-org/summary
2026-09-11 18:48:51,788 [WARNING] [reliefos.http] [req_cdd515d75905] GET /api/my-org/summary -> 401 (0.21ms) [actor=anonymous]
2026-09-11 18:48:51,788 [WARNING] [reliefos.auth] [RequestID: req_da5bd8125d8e] auth denied: unauthenticated request to GET /api/my-org/summary
2026-09-11 18:48:51,788 [WARNING] [reliefos.http] [req_da5bd8125d8e] GET /api/my-org/summary -> 401 (0.15ms) [actor=anonymous]
2026-09-11 18:48:51,817 [WARNING] [reliefos.auth] [RequestID: req_15c1457418ea] auth denied: unauthenticated request to GET /api/my-org/summary
2026-09-11 18:48:51,817 [WARNING] [reliefos.http] [req_15c1457418ea] GET /api/my-org/summary -> 401 (0.26ms) [actor=anonymous]
2026-09-11 18:48:51,904 [WARNING] [reliefos.auth] [RequestID: req_3e104c031096] auth denied: unauthenticated request to GET /api/my-org/summary
2026-09-11 18:48:51,904 [WARNING] [reliefos.http] [req_3e104c031096] GET /api/my-org/summary -> 401 (0.29ms) [actor=anonymous]
2026-09-11 18:48:51,941 [INFO] [reliefos.http] [req_ba0fda2cab5c] GET /api/my-org/summary -> 200 (27.69ms) [actor=alpha_admin_28a56f13]
2026-09-11 18:48:51,956 [INFO] [reliefos.http] [req_ff1169b403f5] GET /api/auth/me -> 200 (4.04ms) [actor=alpha_admin_28a56f13]
2026-09-11 18:48:51,971 [INFO] [reliefos.http] [req_a30744b7c25e] GET /api/my-org/summary -> 200 (10.18ms) [actor=alpha_admin_28a56f13]
2026-09-11 18:48:51,990 [WARNING] [reliefos.http] [req_006403602455] POST /api/session/org -> 403 (4.51ms) [actor=alpha_admin_28a56f13]
2026-09-11 18:48:52,033 [INFO] [reliefos.http] [req_bbd9ed1f64ba] POST /api/session/org -> 200 (11.43ms) [actor=alpha_admin_28a56f13]
2026-09-11 18:48:52,055 [INFO] [reliefos.audit] [AUDIT] actor=usr_9c3dcee4-1df org=org_alpha_28a56f13 action=publish_offer offer:offer_f274e9ae (None -> OFFERED)
2026-09-11 18:48:52,055 [INFO] [reliefos.http] [req_bde4e86d0dbd] POST /api/offers -> 201 (23.05ms) [actor=alpha_op_28a56f13]
2026-09-11 18:48:52,086 [INFO] [reliefos.audit] [AUDIT] actor=usr_b15846eb-713 org=org_beta_28a56f13 action=publish_offer offer:offer_f75643da (None -> OFFERED)
2026-09-11 18:48:52,086 [INFO] [reliefos.http] [req_04ac799f58a6] POST /api/offers -> 201 (18.54ms) [actor=beta_admin_28a56f13]
2026-09-11 18:48:52,086 [WARNING] [reliefos.api] [RequestID: req_5d4c66770026] authz denied: offer=offer_f75643da belongs to org_beta_28a56f13, session org=org_alpha_28a56f13
2026-09-11 18:48:52,086 [WARNING] [reliefos.http] [req_5d4c66770026] PATCH /api/offers/offer_f75643da -> 403 (5.23ms) [actor=alpha_op_28a56f13]
2026-09-11 18:48:52,136 [INFO] [reliefos.http] [req_15f7d317fef4] GET /api/my-org/summary -> 200 (16.42ms) [actor=beta_admin_28a56f13]
2026-09-11 18:48:52,141 [INFO] [reliefos.http] [req_c2fdd64bb8c5] GET /api/my-org/resources -> 200 (3.88ms) [actor=beta_admin_28a56f13]
2026-09-11 18:48:52,156 [INFO] [reliefos.http] [req_585e73787c1f] GET /api/my-org/teams -> 200 (6.61ms) [actor=beta_admin_28a56f13]
2026-09-11 18:48:52,174 [INFO] [reliefos.http] [req_7f4b3f764188] GET /api/my-org/missions -> 200 (4.44ms) [actor=beta_admin_28a56f13]
2026-09-11 18:48:52,206 [INFO] [reliefos.http] [req_5d87e7eb9ade] GET /api/notifications -> 200 (9.16ms) [actor=alpha_admin_28a56f13]
2026-09-11 18:48:52,228 [WARNING] [reliefos.api] [RequestID: req_0f6730bc30fe] authz denied: notifications recipient_id=org_alpha_28a56f13 requested (own org=org_beta_28a56f13)
2026-09-11 18:48:52,228 [WARNING] [reliefos.http] [req_0f6730bc30fe] GET /api/notifications -> 403 (4.54ms) [actor=beta_admin_28a56f13]
2026-09-11 18:48:52,269 [INFO] [reliefos.audit] [AUDIT] actor=usr_f53e1a8a-649 org=org_alpha_28a56f13 action=create_coordination_proposal proposal:prop_4fb0567c (None -> PROPOSED)
2026-09-11 18:48:52,269 [INFO] [reliefos.http] [req_5f02a1745f19] POST /api/network/coordination/propose -> 201 (27.15ms) [actor=netop_28a56f13]
2026-09-11 18:48:52,301 [INFO] [reliefos.audit] [AUDIT] actor=usr_f53e1a8a-649 org=org_alpha_28a56f13 action=send_proposal_to_org proposal:prop_4fb0567c (PENDING_ORG_REVIEW -> SENT)
2026-09-11 18:48:52,301 [INFO] [reliefos.http] [req_6fedea581473] POST /api/network/coordination/proposals/prop_4fb0567c/send-to-org -> 200 (18.78ms) [actor=netop_28a56f13]
2026-09-11 18:48:52,324 [WARNING] [reliefos.http] [req_2aa4027e13e7] POST /api/my-org/agent/evaluate-coordination -> 404 (7.6ms) [actor=beta_admin_28a56f13]
2026-09-11 18:48:52,345 [WARNING] [reliefos.http] [req_e2a49cc4c9d7] POST /api/my-org/agent/approve-publication -> 404 (6.04ms) [actor=beta_admin_28a56f13]
2026-09-11 18:48:52,371 [INFO] [reliefos.http] [req_efea6ed488b8] GET /api/my-org/resources -> 200 (3.9ms) [actor=alpha_admin_28a56f13]
2026-09-11 18:48:52,388 [WARNING] [reliefos.auth] [RequestID: req_43742c0dd764] authz denied: user=usr_c70c1192-800 lacks NETWORK_OPERATOR at GET /api/audit/logs
2026-09-11 18:48:52,388 [WARNING] [reliefos.http] [req_43742c0dd764] GET /api/audit/logs -> 403 (8.11ms) [actor=alpha_admin_28a56f13]
2026-09-11 18:48:52,435 [INFO] [reliefos.http] [req_10cd17346ab8] GET /api/audit/logs -> 200 (14.66ms) [actor=netop_28a56f13]
2026-09-11 18:48:52,435 [WARNING] [reliefos.http] [req_665185e66035] GET /api/needs/need_does_not_exist_zz -> 404 (2.31ms) [actor=anonymous]
2026-09-11 18:48:52,435 [WARNING] [reliefos.http] [req_4e48581319b2] POST /api/auth/login -> 400 (0.07ms) [actor=anonymous]
2026-09-11 18:48:52,451 [WARNING] [reliefos.auth] [RequestID: req_8454acc6c8fb] auth denied: unauthenticated request to GET /api/agent/events
2026-09-11 18:48:52,451 [WARNING] [reliefos.http] [req_8454acc6c8fb] GET /api/agent/events -> 401 (0.23ms) [actor=anonymous]
2026-09-11 18:48:52,467 [WARNING] [reliefos.auth] [RequestID: req_20285cccd29e] auth denied: unauthenticated request to GET /api/agent/proactive/scans
2026-09-11 18:48:52,467 [WARNING] [reliefos.http] [req_20285cccd29e] GET /api/agent/proactive/scans -> 401 (0.36ms) [actor=anonymous]
2026-09-11 18:48:52,471 [WARNING] [reliefos.auth] [RequestID: req_ba3f02ffab94] auth denied: unauthenticated request to GET /api/agent/proactive/findings
2026-09-11 18:48:52,471 [WARNING] [reliefos.http] [req_ba3f02ffab94] GET /api/agent/proactive/findings -> 401 (0.44ms) [actor=anonymous]
2026-09-11 18:48:52,877 [INFO] [reliefos.audit] [AUDIT] actor=usr_c70c1192-800 org=None action=login_success user:usr_c70c1192-800 (None -> None)
2026-09-11 18:48:52,877 [INFO] [reliefos.http] [req_f9f3880d440c] POST /api/auth/login -> 200 (242.76ms) [actor=anonymous]
2026-09-11 18:48:53,162 [INFO] [reliefos.audit] [AUDIT] actor=usr_9c3dcee4-1df org=None action=login_success user:usr_9c3dcee4-1df (None -> None)
2026-09-11 18:48:53,162 [INFO] [reliefos.http] [req_93e562910904] POST /api/auth/login -> 200 (258.95ms) [actor=anonymous]
2026-09-11 18:48:53,403 [INFO] [reliefos.audit] [AUDIT] actor=usr_f53e1a8a-649 org=None action=login_success user:usr_f53e1a8a-649 (None -> None)
2026-09-11 18:48:53,403 [INFO] [reliefos.http] [req_8367e7e2dcbb] POST /api/auth/login -> 200 (245.48ms) [actor=anonymous]
2026-09-11 18:48:53,419 [INFO] [reliefos.http] [req_5a2451c51381] POST /api/session/org -> 200 (5.65ms) [actor=alpha_admin_28a56f13]
2026-09-11 18:48:53,419 [INFO] [reliefos.http] [req_9f4ee95f5f8b] GET /api/session/org -> 200 (5.14ms) [actor=alpha_admin_28a56f13]
2026-09-11 18:48:53,435 [INFO] [reliefos.audit] [AUDIT] actor=usr_9c3dcee4-1df org=None action=create_need need:need_c4d04df7 (None -> None)
2026-09-11 18:48:53,435 [INFO] [reliefos.http] [req_c79e3201f672] POST /api/needs -> 201 (14.57ms) [actor=alpha_op_28a56f13]
2026-09-11 18:48:53,469 [INFO] [reliefos.http] [req_73058be1c6b2] GET /api/needs/need_c4d04df7 -> 200 (3.08ms) [actor=anonymous]
2026-09-11 18:48:53,488 [INFO] [reliefos.audit] [AUDIT] actor=usr_9c3dcee4-1df org=None action=update_need_status need:need_c4d04df7 (OPEN -> UNDER_REVIEW)
2026-09-11 18:48:53,492 [INFO] [reliefos.http] [req_02cbc26ac303] PATCH /api/needs/need_c4d04df7 -> 200 (20.03ms) [actor=alpha_op_28a56f13]
2026-09-11 18:48:53,535 [INFO] [reliefos.audit] [AUDIT] actor=usr_9c3dcee4-1df org=None action=update_need_status need:need_c4d04df7 (UNDER_REVIEW -> OPEN)
2026-09-11 18:48:53,535 [INFO] [reliefos.http] [req_a4c4c611ff4f] PATCH /api/needs/need_c4d04df7 -> 200 (20.96ms) [actor=alpha_op_28a56f13]
2026-09-11 18:48:53,567 [INFO] [reliefos.audit] [AUDIT] actor=usr_9c3dcee4-1df org=org_alpha_28a56f13 action=publish_offer offer:offer_eeeded9a (None -> OFFERED)
2026-09-11 18:48:53,567 [INFO] [reliefos.http] [req_8d2e7d48338e] POST /api/my-org/publish-offer -> 201 (18.31ms) [actor=alpha_op_28a56f13]
2026-09-11 18:48:53,611 [INFO] [reliefos.audit] [AUDIT] actor=usr_f53e1a8a-649 org=org_alpha_28a56f13 action=create_coordination_proposal proposal:prop_c272117d (None -> PROPOSED)
2026-09-11 18:48:53,612 [INFO] [reliefos.http] [req_c1e45f69cd42] POST /api/network/coordination/propose -> 201 (29.32ms) [actor=netop_28a56f13]
2026-09-11 18:48:53,654 [INFO] [reliefos.audit] [AUDIT] actor=usr_f53e1a8a-649 org=org_alpha_28a56f13 action=send_proposal_to_org proposal:prop_c272117d (PENDING_ORG_REVIEW -> SENT)
2026-09-11 18:48:53,655 [INFO] [reliefos.http] [req_21f32ed5ad50] POST /api/network/coordination/proposals/prop_c272117d/send-to-org -> 200 (18.65ms) [actor=netop_28a56f13]
2026-09-11 18:48:53,658 [INFO] [reliefos.http] [req_822a0e346e40] POST /api/my-org/resources -> 201 (5.14ms) [actor=alpha_op_28a56f13]
2026-09-11 18:48:53,678 [INFO] [reliefos.http] [req_4a3462651950] POST /api/my-org/teams -> 201 (4.91ms) [actor=alpha_op_28a56f13]
2026-09-11 18:48:53,756 [INFO] [reliefos.audit] [AUDIT] actor=usr_9c3dcee4-1df org=org_alpha_28a56f13 action=evaluate_coordination proposal:prop_c272117d (None -> SUITABLE)
2026-09-11 18:48:53,756 [INFO] [reliefos.http] [req_31fd8de5f5ed] POST /api/my-org/agent/evaluate-coordination -> 200 (37.21ms) [actor=alpha_op_28a56f13]
2026-09-11 18:48:53,787 [INFO] [reliefos.audit] [AUDIT] actor=usr_c70c1192-800 org=org_alpha_28a56f13 action=approve_proposal proposal:prop_c272117d (ORG_RECOMMENDED -> CONFIRMED)
2026-09-11 18:48:53,787 [INFO] [reliefos.http] [req_eaf8322b9e6a] POST /api/my-org/agent/approve-publication -> 200 (28.08ms) [actor=alpha_admin_28a56f13]
2026-09-11 18:48:53,823 [INFO] [reliefos.http] [req_1c2bd42fb936] GET /api/offers -> 200 (5.83ms) [actor=anonymous]
2026-09-11 18:48:53,859 [INFO] [reliefos.http] [req_77a271d5b441] GET /api/my-org/resources -> 200 (5.47ms) [actor=alpha_admin_28a56f13]
2026-09-11 18:48:53,886 [INFO] [reliefos.http] [req_842eb88e51e3] GET /api/needs -> 200 (2.19ms) [actor=anonymous]
2026-09-11 18:48:53,902 [INFO] [reliefos.http] [req_fa4bce075494] GET /api/offers -> 200 (2.99ms) [actor=anonymous]
2026-09-11 18:48:53,915 [INFO] [reliefos.http] [req_5eda9cfbf5d0] GET /api/network/coordination/proposals -> 200 (11.1ms) [actor=anonymous]
2026-09-11 18:48:53,918 [INFO] [reliefos.http] [req_c4c9c1957564] GET /api/activity -> 200 (2.73ms) [actor=anonymous]
2026-09-11 18:48:53,918 [INFO] [reliefos.http] [req_136699b8b5b9] GET /api/notifications -> 200 (2.1ms) [actor=anonymous]
2026-09-11 18:48:53,934 [INFO] [reliefos.http] [req_498bb269e382] GET /api/network/coordination/proposals/prop_c272117d -> 200 (1.67ms) [actor=anonymous]
2026-09-11 18:48:53,953 [INFO] [reliefos.http] [req_87edb41ed905] GET /api/notifications -> 200 (5.04ms) [actor=alpha_admin_28a56f13]
2026-09-11 18:48:53,953 [INFO] [reliefos.http] [req_de6daa625041] GET /api/activity -> 200 (1.97ms) [actor=anonymous]
2026-09-11 18:48:53,982 [INFO] [reliefos.http] [req_e49fe9b3fce5] GET /api/audit/logs -> 200 (15.74ms) [actor=netop_28a56f13]
2026-09-11 18:48:57,103 [INFO] [agent.agents.event_router] Event worker processed 10 event(s)
2026-09-11 18:48:57,155 [INFO] [agent.agents.event_router] Event worker processed 2 event(s)
2026-09-11 18:49:01,715 [INFO] [reliefos.http] [req_d533a4135bc2] GET /api/network/agent/analyze -> 200 (7718.52ms) [actor=anonymous]
2026-09-11 18:49:02,107 [INFO] [reliefos.audit] [AUDIT] actor=usr_f53e1a8a-649 org=None action=login_success user:usr_f53e1a8a-649 (None -> None)
2026-09-11 18:49:02,107 [INFO] [reliefos.http] [req_66b0a3ad2ab6] POST /api/auth/login -> 200 (243.22ms) [actor=anonymous]
2026-09-11 18:49:02,136 [INFO] [reliefos.audit] [AUDIT] actor=usr_f53e1a8a-649 org=None action=create_need need:need_f453ae3d (None -> None)
2026-09-11 18:49:02,136 [INFO] [reliefos.http] [req_57ff65533f38] POST /api/needs -> 201 (15.99ms) [actor=netop_28a56f13]
2026-09-11 18:49:02,194 [INFO] [reliefos.http] [req_77e5f25e0603] GET /api/agent/events -> 200 (54.24ms) [actor=netop_28a56f13]
2026-09-11 18:49:05,527 [INFO] [reliefos.http] [req_2d5f71e0afae] POST /api/agent/events/process -> 200 (3331.45ms) [actor=netop_28a56f13]
2026-09-11 18:49:05,527 [INFO] [agent.agents.event_router] Event worker processed 1 event(s)
2026-09-11 18:49:05,546 [INFO] [reliefos.http] [req_1abb1b2659f7] GET /api/agent/events/evt_be662c48-ee3 -> 200 (6.21ms) [actor=netop_28a56f13]
2026-09-11 18:49:05,577 [INFO] [reliefos.http] [req_b213e06938fb] GET /api/agent/events/evt_be662c48-ee3 -> 200 (9.19ms) [actor=netop_28a56f13]
2026-09-11 18:49:05,609 [INFO] [reliefos.http] [req_5d98bb6df42f] GET /api/agent/events/evt_be662c48-ee3 -> 200 (10.55ms) [actor=netop_28a56f13]
2026-09-11 18:49:05,642 [INFO] [reliefos.http] [req_b789d03503d7] POST /api/agent/events/process -> 200 (8.78ms) [actor=netop_28a56f13]
2026-09-11 18:49:07,826 [INFO] [reliefos.http] [req_d9d8f5f72d1e] POST /api/agent/events/process -> 200 (1634.6ms) [actor=netop_28a56f13]
2026-09-11 18:49:10,809 [INFO] [reliefos.http] [req_37cd98810609] POST /api/agent/events/process -> 200 (1669.36ms) [actor=netop_28a56f13]
2026-09-11 18:49:10,827 [INFO] [reliefos.http] [req_12b446c8a6d2] GET /api/agent/events/evt_smoke_good_3825e6d4 -> 200 (5.02ms) [actor=netop_28a56f13]
2026-09-11 18:49:12,869 [INFO] [reliefos.http] [req_e29836ec01e1] GET /api/agent/events/evt_smoke_good_3825e6d4 -> 200 (15.44ms) [actor=netop_28a56f13]
2026-09-11 18:49:14,885 [INFO] [reliefos.http] [req_b0edcdc87746] GET /api/agent/events/evt_smoke_good_3825e6d4 -> 200 (13.9ms) [actor=netop_28a56f13]
2026-09-11 18:49:17,452 [INFO] [reliefos.http] [req_1963b486a337] GET /api/agent/events/evt_smoke_good_3825e6d4 -> 200 (275.33ms) [actor=netop_28a56f13]
2026-09-11 18:49:17,452 [INFO] [agent.agents.event_router] Event worker processed 1 event(s)
2026-09-11 18:49:19,469 [INFO] [reliefos.http] [req_cfc100bf3cd0] GET /api/agent/events/evt_smoke_good_3825e6d4 -> 200 (12.24ms) [actor=netop_28a56f13]
2026-09-11 18:49:19,469 [INFO] [reliefos.http] [req_88135491f7d5] GET /api/agent/events/evt_smoke_good_3825e6d4 -> 200 (5.23ms) [actor=netop_28a56f13]
2026-09-11 18:49:19,532 [INFO] [reliefos.http] [req_97f767dbe01f] GET /api/agent/events/evt_smoke_good_3825e6d4 -> 200 (47.03ms) [actor=netop_28a56f13]
2026-09-11 18:49:20,148 [INFO] [reliefos.audit] [AUDIT] actor=usr_f53e1a8a-649 org=None action=login_success user:usr_f53e1a8a-649 (None -> None)
2026-09-11 18:49:20,149 [INFO] [reliefos.http] [req_8e5bf4c7a1eb] POST /api/auth/login -> 200 (259.1ms) [actor=anonymous]
2026-09-11 18:49:20,170 [INFO] [reliefos.http] [req_ee263c6f8ba8] GET /api/needs -> 200 (3.06ms) [actor=anonymous]
2026-09-11 18:49:20,191 [INFO] [reliefos.http] [req_40417f3097d0] GET /api/offers -> 200 (5.25ms) [actor=anonymous]
2026-09-11 18:49:20,193 [INFO] [reliefos.http] [req_84948c9b6e91] GET /api/operations -> 200 (2.5ms) [actor=anonymous]
2026-09-11 18:49:21,037 [INFO] [reliefos.http] [req_d680ec2ff05b] POST /api/agent/proactive/trigger -> 200 (829.97ms) [actor=netop_28a56f13]
2026-09-11 18:49:21,040 [INFO] [reliefos.http] [req_3c43b0a51923] GET /api/agent/proactive/scans/scan_2c77727b-7ba -> 200 (4.3ms) [actor=netop_28a56f13]
2026-09-11 18:49:21,054 [INFO] [reliefos.http] [req_011f67c37062] GET /api/agent/proactive/findings -> 200 (6.11ms) [actor=netop_28a56f13]
2026-09-11 18:49:21,067 [INFO] [reliefos.http] [req_6ab0aae1d15d] GET /api/notifications -> 200 (5.62ms) [actor=netop_28a56f13]
2026-09-11 18:49:21,341 [INFO] [reliefos.audit] [AUDIT] actor=usr_b15846eb-713 org=None action=login_success user:usr_b15846eb-713 (None -> None)
2026-09-11 18:49:21,341 [INFO] [reliefos.http] [req_46c1f0bae944] POST /api/auth/login -> 200 (258.21ms) [actor=anonymous]
2026-09-11 18:49:21,359 [INFO] [reliefos.http] [req_0179af06553d] GET /api/agent/proactive/scans/scan_2c77727b-7ba -> 200 (4.88ms) [actor=beta_admin_28a56f13]
2026-09-11 18:49:21,390 [INFO] [reliefos.http] [req_5eca68358966] GET /api/needs -> 200 (4.64ms) [actor=anonymous]
2026-09-11 18:49:21,410 [INFO] [reliefos.http] [req_96bb22871488] GET /api/offers -> 200 (6.75ms) [actor=anonymous]
2026-09-11 18:49:21,445 [INFO] [reliefos.http] [req_4a0ade45d523] GET /api/operations -> 200 (7.95ms) [actor=anonymous]
2026-09-11 18:49:23,105 [INFO] [reliefos.http] [req_17f1640ccade] POST /api/agent/proactive/trigger -> 200 (1667.17ms) [actor=netop_28a56f13]
2026-09-11 18:49:25,014 [INFO] [reliefos.http] [req_78fd04224bb5] POST /api/agent/proactive/trigger -> 200 (3544.73ms) [actor=netop_28a56f13]
2026-09-11 18:49:25,041 [INFO] [reliefos.http] [req_5f40e3faccb4] GET /api/agent/proactive/scans/scan_783c26b6-f82 -> 200 (5.17ms) [actor=netop_28a56f13]
2026-09-11 18:49:25,076 [INFO] [reliefos.http] [req_503c30c045fe] GET /api/agent/proactive/scans/scan_67f4582f-fb2 -> 200 (8.22ms) [actor=netop_28a56f13]
2026-09-11 18:49:25,086 [INFO] [reliefos.http] [req_8b21c7cf8987] GET /api/agent/proactive/status -> 200 (6.36ms) [actor=netop_28a56f13]
2026-09-11 18:49:28,579 [INFO] [reliefos.http] [req_ab582fb7cf22] GET /api/agent/proactive/status -> 200 (8.91ms) [actor=netop_28a56f13]
2026-09-11 18:49:29,070 [INFO] [reliefos.audit] [AUDIT] actor=usr_9c3dcee4-1df org=None action=login_success user:usr_9c3dcee4-1df (None -> None)
2026-09-11 18:49:29,071 [INFO] [reliefos.http] [req_cffcf01033b5] POST /api/auth/login -> 200 (250.95ms) [actor=anonymous]
2026-09-11 18:49:29,360 [INFO] [reliefos.audit] [AUDIT] actor=usr_f53e1a8a-649 org=None action=login_success user:usr_f53e1a8a-649 (None -> None)
2026-09-11 18:49:29,360 [INFO] [reliefos.http] [req_8f5c359e75b9] POST /api/auth/login -> 200 (272.62ms) [actor=anonymous]
2026-09-11 18:49:29,400 [INFO] [reliefos.audit] [AUDIT] actor=usr_9c3dcee4-1df org=None action=create_need need:need_2cece66d (None -> None)
2026-09-11 18:49:29,400 [INFO] [reliefos.http] [req_66d6c734554b] POST /api/needs -> 201 (14.81ms) [actor=alpha_op_28a56f13]
2026-09-11 18:49:29,415 [INFO] [reliefos.audit] [AUDIT] actor=usr_9c3dcee4-1df org=org_alpha_28a56f13 action=publish_offer offer:offer_963dc72d (None -> OFFERED)
2026-09-11 18:49:29,415 [INFO] [reliefos.http] [req_c3e5fa229b13] POST /api/my-org/publish-offer -> 201 (12.71ms) [actor=alpha_op_28a56f13]
2026-09-11 18:49:29,427 [INFO] [reliefos.http] [req_1fd0daf79eae] POST /api/operations -> 201 (9.73ms) [actor=alpha_op_28a56f13]
2026-09-11 18:49:29,477 [INFO] [reliefos.audit] [AUDIT] actor=usr_f53e1a8a-649 org=org_alpha_28a56f13 action=create_coordination_proposal proposal:prop_83247ebc (None -> PROPOSED)
2026-09-11 18:49:29,477 [INFO] [reliefos.http] [req_fee2929a886d] POST /api/network/coordination/propose -> 201 (26.04ms) [actor=netop_28a56f13]
2026-09-11 18:49:29,514 [INFO] [reliefos.http] [req_3918d38a9bc4] GET /api/agent/events -> 200 (10.61ms) [actor=netop_28a56f13]
2026-09-11 18:49:30,392 [INFO] [reliefos.http] [req_845be272726c] POST /api/agent/proactive/trigger -> 200 (859.67ms) [actor=netop_28a56f13]
2026-09-11 18:49:30,427 [INFO] [reliefos.http] [req_b53c0e689e10] GET /api/agent/proactive/findings -> 200 (8.65ms) [actor=netop_28a56f13]
2026-09-11 18:49:30,434 [INFO] [reliefos.http] [req_1ddb26752244] POST /api/my-org/resources -> 201 (4.18ms) [actor=alpha_op_28a56f13]
2026-09-11 18:49:30,441 [INFO] [reliefos.http] [req_3dc7a8b82877] GET /api/audit/logs -> 200 (5.44ms) [actor=netop_28a56f13]

===== BOOT 2026-09-11 18:49:35 =====
2026-09-11 18:49:36,439 [INFO] [reliefos.prod_startup] Initializing ReliefOS in environment: production
  [REPOSITORY] Using PostgreSQL backend
2026-09-11 18:49:36,822 [INFO] [reliefos.prod_startup] Active Repository: PostgresRepository
2026-09-11 18:49:36,838 [INFO] [reliefos.prod_startup] Durable PostgreSQL schema initialized (2 migration steps applied).
2026-09-11 18:49:36,843 [WARNING] [agent.agents.event_router] Recovered 1 stale agent events from outbox
2026-09-11 18:49:36,843 [WARNING] [reliefos.prod_startup] Startup recovered 1 stale outbox events.
2026-09-11 18:49:36,843 [INFO] [agent.agents.event_router] Event worker started (poll=5s, batch=10)
2026-09-11 18:49:36,844 [INFO] [agent.agents.event_router] Stale event recovery loop started (interval=120s, threshold=300s)
2026-09-11 18:49:36,845 [INFO] [reliefos.prod_startup] Event worker started (poll=5s, batch=10).
2026-09-11 18:49:36,851 [INFO] [reliefos.scheduler] Proactive scheduler start requested (running=True, interval=60.0s)
2026-09-11 18:49:36,851 [INFO] [reliefos.prod_startup] Background proactive scheduler started (interval=60s).
2026-09-11 18:49:37,679 [INFO] [reliefos.prod_startup] Starting ReliefOS production server on 0.0.0.0:5001
2026-09-11 18:49:37,689 [INFO] [waitress] Serving on http://0.0.0.0:5001
2026-09-11 18:49:39,535 [INFO] [reliefos.http] [req_4db9efedbd5b] GET /api/health/liveness -> 200 (0.11ms) [actor=anonymous]
2026-09-11 18:49:39,543 [INFO] [reliefos.http] [req_5f9118f11cdc] GET /api/health/readiness -> 200 (2.71ms) [actor=anonymous]
2026-09-11 18:49:40,132 [INFO] [reliefos.audit] [AUDIT] actor=usr_9c3dcee4-1df org=None action=login_success user:usr_9c3dcee4-1df (None -> None)
2026-09-11 18:49:40,132 [INFO] [reliefos.http] [req_387f627833e0] POST /api/auth/login -> 200 (425.84ms) [actor=anonymous]
2026-09-11 18:49:41,431 [INFO] [reliefos.audit] [AUDIT] actor=usr_f53e1a8a-649 org=None action=login_success user:usr_f53e1a8a-649 (None -> None)
2026-09-11 18:49:41,431 [INFO] [reliefos.http] [req_33e8a9560d5c] POST /api/auth/login -> 200 (1296.1ms) [actor=anonymous]
2026-09-11 18:49:41,431 [INFO] [agent.agents.event_router] Event worker processed 5 event(s)
2026-09-11 18:49:41,495 [INFO] [reliefos.http] [req_20e77a74e054] GET /api/needs/need_2cece66d -> 200 (60.75ms) [actor=anonymous]
2026-09-11 18:49:41,521 [INFO] [reliefos.http] [req_4a6c1e457509] GET /api/offers -> 200 (2.78ms) [actor=anonymous]
2026-09-11 18:49:41,524 [INFO] [reliefos.http] [req_85268d9bfc5d] GET /api/operations/op_ff887756 -> 200 (5.48ms) [actor=anonymous]
2026-09-11 18:49:41,537 [INFO] [reliefos.http] [req_5249186af052] GET /api/network/coordination/proposals/prop_83247ebc -> 200 (4.1ms) [actor=anonymous]
2026-09-11 18:49:41,543 [INFO] [reliefos.http] [req_8b0eb8c49806] GET /api/activity -> 200 (3.08ms) [actor=anonymous]
2026-09-11 18:49:41,552 [INFO] [reliefos.http] [req_727dd33917b6] GET /api/notifications -> 200 (7.0ms) [actor=netop_28a56f13]
2026-09-11 18:49:41,562 [INFO] [reliefos.http] [req_94ba0927df39] GET /api/audit/logs -> 200 (7.39ms) [actor=netop_28a56f13]
2026-09-11 18:49:41,584 [INFO] [reliefos.http] [req_232e7f7c6bc8] GET /api/agent/events/evt_e7a62782-cfe -> 200 (5.13ms) [actor=netop_28a56f13]
2026-09-11 18:49:41,600 [INFO] [reliefos.http] [req_2d141de865a8] GET /api/agent/proactive/findings/fnd_56ae9e08-503 -> 200 (4.7ms) [actor=netop_28a56f13]
2026-09-11 18:49:41,625 [INFO] [reliefos.http] [req_eedf92feba77] GET /api/needs -> 200 (8.59ms) [actor=anonymous]
2026-09-11 18:49:41,654 [INFO] [reliefos.http] [req_1b164acf27c6] GET /api/offers -> 200 (5.36ms) [actor=anonymous]
2026-09-11 18:49:41,676 [INFO] [reliefos.http] [req_ac81113b4c24] GET /api/network/coordination/proposals -> 200 (18.97ms) [actor=anonymous]
2026-09-11 18:49:41,704 [INFO] [reliefos.http] [req_f430df41ca1a] GET /api/activity -> 200 (4.7ms) [actor=anonymous]
2026-09-11 18:49:41,719 [INFO] [reliefos.http] [req_d30eca583084] GET /api/notifications -> 200 (2.69ms) [actor=anonymous]
2026-09-11 18:49:41,719 [INFO] [reliefos.http] [req_101a3748ad31] GET /api/my-org/resources -> 200 (4.04ms) [actor=alpha_op_28a56f13]
2026-09-11 18:49:42,867 [INFO] [reliefos.http] [req_c31386809bd9] POST /api/agent/proactive/trigger -> 200 (690.59ms) [actor=netop_28a56f13]
2026-09-11 18:49:42,867 [INFO] [reliefos.http] [req_f27f3841faf0] GET /api/health/readiness -> 200 (1.59ms) [actor=anonymous]
